// Vitest Snapshot v1, https://vitest.dev/guide/snapshot.html

exports[`add > should match the snapshot for various inputs 1`] = `
[
  {
    "input": [
      2,
      3,
    ],
    "output": 5,
  },
  {
    "input": [
      5,
      -3,
    ],
    "output": 2,
  },
  {
    "input": [
      -4,
      -6,
    ],
    "output": -10,
  },
  {
    "input": [
      0,
      0,
    ],
    "output": 0,
  },
  {
    "input": [
      0,
      7,
    ],
    "output": 7,
  },
  {
    "input": [
      9,
      0,
    ],
    "output": 9,
  },
  {
    "input": [
      100,
      200,
    ],
    "output": 300,
  },
  {
    "input": [
      -50,
      50,
    ],
    "output": 0,
  },
]
`;
