// Vitest Snapshot v1, https://vitest.dev/guide/snapshot.html

exports[`ErrorPage component > should match the snapshot 1`] = `
<div>
  <h1>
    Oops!
  </h1>
  <p>
    Sorry, an unexpected error has occurred.
  </p>
</div>
`;
